<?xml version="1.0"?>
<link_info>
   <banner>TI ARM Linker PC v5.2.6</banner>
   <copyright>Copyright (c) 1996-2015 Texas Instruments Incorporated</copyright>
   <link_time>0x564d8696</link_time>
   <link_errors>0x0</link_errors>
   <output_file>CRYPTO_TUNER.out</output_file>
   <entry_point>
      <name>_c_int00</name>
      <address>0xef35</address>
   </entry_point>
   <input_file_list>
      <input_file id="fl-2">
         <path>.\</path>
         <kind>object</kind>
         <file>main.obj</file>
         <name>main.obj</name>
      </input_file>
      <input_file id="fl-3">
         <path>.\</path>
         <kind>object</kind>
         <file>tm4c129encpdt_startup_ccs.obj</file>
         <name>tm4c129encpdt_startup_ccs.obj</name>
      </input_file>
      <input_file id="fl-12a">
         <path>C:\ti\ccsv6\tools\compiler\ti-cgt-arm_5.2.6\lib\</path>
         <kind>archive</kind>
         <file>rtsv7M4_T_le_v4SPD16_eabi.lib</file>
         <name>boot.obj</name>
      </input_file>
      <input_file id="fl-12b">
         <path>C:\ti\ccsv6\tools\compiler\ti-cgt-arm_5.2.6\lib\</path>
         <kind>archive</kind>
         <file>rtsv7M4_T_le_v4SPD16_eabi.lib</file>
         <name>copy_decompress_none.obj</name>
      </input_file>
      <input_file id="fl-12c">
         <path>C:\ti\ccsv6\tools\compiler\ti-cgt-arm_5.2.6\lib\</path>
         <kind>archive</kind>
         <file>rtsv7M4_T_le_v4SPD16_eabi.lib</file>
         <name>copy_decompress_rle.obj</name>
      </input_file>
      <input_file id="fl-12d">
         <path>C:\ti\ccsv6\tools\compiler\ti-cgt-arm_5.2.6\lib\</path>
         <kind>archive</kind>
         <file>rtsv7M4_T_le_v4SPD16_eabi.lib</file>
         <name>copy_zero_init.obj</name>
      </input_file>
      <input_file id="fl-12e">
         <path>C:\ti\ccsv6\tools\compiler\ti-cgt-arm_5.2.6\lib\</path>
         <kind>archive</kind>
         <file>rtsv7M4_T_le_v4SPD16_eabi.lib</file>
         <name>exit.obj</name>
      </input_file>
      <input_file id="fl-12f">
         <path>C:\ti\ccsv6\tools\compiler\ti-cgt-arm_5.2.6\lib\</path>
         <kind>archive</kind>
         <file>rtsv7M4_T_le_v4SPD16_eabi.lib</file>
         <name>fd_add_t2.obj</name>
      </input_file>
      <input_file id="fl-130">
         <path>C:\ti\ccsv6\tools\compiler\ti-cgt-arm_5.2.6\lib\</path>
         <kind>archive</kind>
         <file>rtsv7M4_T_le_v4SPD16_eabi.lib</file>
         <name>fd_cmp_t2.obj</name>
      </input_file>
      <input_file id="fl-131">
         <path>C:\ti\ccsv6\tools\compiler\ti-cgt-arm_5.2.6\lib\</path>
         <kind>archive</kind>
         <file>rtsv7M4_T_le_v4SPD16_eabi.lib</file>
         <name>fd_mul_t2.obj</name>
      </input_file>
      <input_file id="fl-132">
         <path>C:\ti\ccsv6\tools\compiler\ti-cgt-arm_5.2.6\lib\</path>
         <kind>archive</kind>
         <file>rtsv7M4_T_le_v4SPD16_eabi.lib</file>
         <name>fd_tos_t2.obj</name>
      </input_file>
      <input_file id="fl-133">
         <path>C:\ti\ccsv6\tools\compiler\ti-cgt-arm_5.2.6\lib\</path>
         <kind>archive</kind>
         <file>rtsv7M4_T_le_v4SPD16_eabi.lib</file>
         <name>fs_tod_t2.obj</name>
      </input_file>
      <input_file id="fl-134">
         <path>C:\ti\ccsv6\tools\compiler\ti-cgt-arm_5.2.6\lib\</path>
         <kind>archive</kind>
         <file>rtsv7M4_T_le_v4SPD16_eabi.lib</file>
         <name>memcpy_t2.obj</name>
      </input_file>
      <input_file id="fl-135">
         <path>C:\ti\ccsv6\tools\compiler\ti-cgt-arm_5.2.6\lib\</path>
         <kind>archive</kind>
         <file>rtsv7M4_T_le_v4SPD16_eabi.lib</file>
         <name>memset_t2.obj</name>
      </input_file>
      <input_file id="fl-136">
         <path>C:\ti\ccsv6\tools\compiler\ti-cgt-arm_5.2.6\lib\</path>
         <kind>archive</kind>
         <file>rtsv7M4_T_le_v4SPD16_eabi.lib</file>
         <name>pre_init.obj</name>
      </input_file>
      <input_file id="fl-137">
         <path>C:\ti\ccsv6\tools\compiler\ti-cgt-arm_5.2.6\lib\</path>
         <kind>archive</kind>
         <file>rtsv7M4_T_le_v4SPD16_eabi.lib</file>
         <name>stkdepth_vars.obj</name>
      </input_file>
      <input_file id="fl-138">
         <path>C:\ti\ccsv6\tools\compiler\ti-cgt-arm_5.2.6\lib\</path>
         <kind>archive</kind>
         <file>rtsv7M4_T_le_v4SPD16_eabi.lib</file>
         <name>u_divt2.obj</name>
      </input_file>
      <input_file id="fl-139">
         <path>C:\ti\ccsv6\tools\compiler\ti-cgt-arm_5.2.6\lib\</path>
         <kind>archive</kind>
         <file>rtsv7M4_T_le_v4SPD16_eabi.lib</file>
         <name>_lock.obj</name>
      </input_file>
      <input_file id="fl-13a">
         <path>C:\ti\ccsv6\tools\compiler\ti-cgt-arm_5.2.6\lib\</path>
         <kind>archive</kind>
         <file>rtsv7M4_T_le_v4SPD16_eabi.lib</file>
         <name>args_main.obj</name>
      </input_file>
      <input_file id="fl-13b">
         <path>C:\ti\ccsv6\tools\compiler\ti-cgt-arm_5.2.6\lib\</path>
         <kind>archive</kind>
         <file>rtsv7M4_T_le_v4SPD16_eabi.lib</file>
         <name>autoinit.obj</name>
      </input_file>
      <input_file id="fl-13c">
         <path>C:\ti\ccsv6\tools\compiler\ti-cgt-arm_5.2.6\lib\</path>
         <kind>archive</kind>
         <file>rtsv7M4_T_le_v4SPD16_eabi.lib</file>
         <name>cpy_tbl.obj</name>
      </input_file>
      <input_file id="fl-13d">
         <path>C:\ti\ccsv6\tools\compiler\ti-cgt-arm_5.2.6\lib\</path>
         <kind>archive</kind>
         <file>rtsv7M4_T_le_v4SPD16_eabi.lib</file>
         <name>i_div0.obj</name>
      </input_file>
      <input_file id="fl-13e">
         <path>C:\Users\Jordan\workspace_v6_1\dsplib_cm4f\Debug\</path>
         <kind>archive</kind>
         <file>dsplib_cm4f.lib</file>
         <name>arm_cfft_radix2_f32.obj</name>
      </input_file>
      <input_file id="fl-13f">
         <path>C:\Users\Jordan\workspace_v6_1\dsplib_cm4f\Debug\</path>
         <kind>archive</kind>
         <file>dsplib_cm4f.lib</file>
         <name>arm_cfft_radix2_init_f32.obj</name>
      </input_file>
      <input_file id="fl-140">
         <path>C:\Users\Jordan\workspace_v6_1\dsplib_cm4f\Debug\</path>
         <kind>archive</kind>
         <file>dsplib_cm4f.lib</file>
         <name>arm_max_f32.obj</name>
      </input_file>
      <input_file id="fl-141">
         <path>C:\Users\Jordan\workspace_v6_1\dsplib_cm4f\Debug\</path>
         <kind>archive</kind>
         <file>dsplib_cm4f.lib</file>
         <name>arm_cmplx_mag_f32.obj</name>
      </input_file>
      <input_file id="fl-142">
         <path>C:\Users\Jordan\workspace_v6_1\dsplib_cm4f\Debug\</path>
         <kind>archive</kind>
         <file>dsplib_cm4f.lib</file>
         <name>arm_common_tables.obj</name>
      </input_file>
      <input_file id="fl-143">
         <path>C:\Users\Jordan\workspace_v6_1\dsplib_cm4f\Debug\</path>
         <kind>archive</kind>
         <file>dsplib_cm4f.lib</file>
         <name>arm_bitreversal.obj</name>
      </input_file>
      <input_file id="fl-144">
         <path>C:\ti\ccsv6\tools\compiler\ti-cgt-arm_5.2.6\lib\</path>
         <kind>archive</kind>
         <file>rtsv7M4_T_le_v4SPD16_eabi.lib</file>
         <name>sqrtf.obj</name>
      </input_file>
      <input_file id="fl-145">
         <path>C:\ti\ccsv6\tools\compiler\ti-cgt-arm_5.2.6\lib\</path>
         <kind>archive</kind>
         <file>rtsv7M4_T_le_v4SPD16_eabi.lib</file>
         <name>xferaise.obj</name>
      </input_file>
      <input_file id="fl-146">
         <path>C:\ti\ccsv6\tools\compiler\ti-cgt-arm_5.2.6\lib\</path>
         <kind>archive</kind>
         <file>rtsv7M4_T_le_v4SPD16_eabi.lib</file>
         <name>errno.obj</name>
      </input_file>
      <input_file id="fl-147">
         <path>C:\ti\ccsv6\tools\compiler\ti-cgt-arm_5.2.6\lib\</path>
         <kind>archive</kind>
         <file>rtsv7M4_T_le_v4SPD16_eabi.lib</file>
         <name>feraiseexcept.obj</name>
      </input_file>
      <input_file id="fl-148">
         <path>C:\ti\ccsv6\tools\compiler\ti-cgt-arm_5.2.6\lib\</path>
         <kind>archive</kind>
         <file>rtsv7M4_T_le_v4SPD16_eabi.lib</file>
         <name>raise.obj</name>
      </input_file>
      <input_file id="fl-149">
         <path>C:\ti\ccsv6\tools\compiler\ti-cgt-arm_5.2.6\lib\</path>
         <kind>archive</kind>
         <file>rtsv7M4_T_le_v4SPD16_eabi.lib</file>
         <name>signal.obj</name>
      </input_file>
   </input_file_list>
   <object_component_list>
      <object_component id="oc-f">
         <name>.intvecs</name>
         <load_address>0x0</load_address>
         <run_address>0x0</run_address>
         <size>0x208</size>
         <input_file_ref idref="fl-3"/>
      </object_component>
      <object_component id="oc-30">
         <name>.text</name>
         <load_address>0x9050</load_address>
         <run_address>0x9050</run_address>
         <size>0x5194</size>
         <input_file_ref idref="fl-2"/>
      </object_component>
      <object_component id="oc-170">
         <name>.text:arm_radix2_butterfly_inverse_f32</name>
         <load_address>0xe1e4</load_address>
         <run_address>0xe1e4</run_address>
         <size>0x1ca</size>
         <input_file_ref idref="fl-13e"/>
      </object_component>
      <object_component id="oc-16a">
         <name>.text:arm_radix2_butterfly_f32</name>
         <load_address>0xe3ae</load_address>
         <run_address>0xe3ae</run_address>
         <size>0x1ba</size>
         <input_file_ref idref="fl-13e"/>
      </object_component>
      <object_component id="oc-d7">
         <name>.text</name>
         <load_address>0xe568</load_address>
         <run_address>0xe568</run_address>
         <size>0x1b6</size>
         <input_file_ref idref="fl-12f"/>
      </object_component>
      <object_component id="oc-14d">
         <name>.text</name>
         <load_address>0xe71e</load_address>
         <run_address>0xe71e</run_address>
         <size>0x2</size>
         <input_file_ref idref="fl-13d"/>
      </object_component>
      <object_component id="oc-bc">
         <name>.text:arm_cmplx_mag_f32</name>
         <load_address>0xe720</load_address>
         <run_address>0xe720</run_address>
         <size>0x138</size>
         <input_file_ref idref="fl-141"/>
      </object_component>
      <object_component id="oc-cd">
         <name>.text</name>
         <load_address>0xe858</load_address>
         <run_address>0xe858</run_address>
         <size>0xfc</size>
         <input_file_ref idref="fl-131"/>
      </object_component>
      <object_component id="oc-176">
         <name>.text:arm_bitreversal_f32</name>
         <load_address>0xe954</load_address>
         <run_address>0xe954</run_address>
         <size>0xf6</size>
         <input_file_ref idref="fl-143"/>
      </object_component>
      <object_component id="oc-b0">
         <name>.text:arm_cfft_radix2_init_f32</name>
         <load_address>0xea4c</load_address>
         <run_address>0xea4c</run_address>
         <size>0xd0</size>
         <input_file_ref idref="fl-13f"/>
      </object_component>
      <object_component id="oc-c2">
         <name>.text:arm_max_f32</name>
         <load_address>0xeb1c</load_address>
         <run_address>0xeb1c</run_address>
         <size>0xb0</size>
         <input_file_ref idref="fl-140"/>
      </object_component>
      <object_component id="oc-39">
         <name>.text</name>
         <load_address>0xebcc</load_address>
         <run_address>0xebcc</run_address>
         <size>0x9c</size>
         <input_file_ref idref="fl-134"/>
      </object_component>
      <object_component id="oc-e1">
         <name>.text:__aeabi_cdcmple</name>
         <load_address>0xec68</load_address>
         <run_address>0xec68</run_address>
         <size>0x86</size>
         <input_file_ref idref="fl-130"/>
      </object_component>
      <object_component id="oc-dc">
         <name>.text:__aeabi_cdrcmple</name>
         <load_address>0xecee</load_address>
         <run_address>0xecee</run_address>
         <size>0x86</size>
         <input_file_ref idref="fl-130"/>
      </object_component>
      <object_component id="oc-52">
         <name>.text</name>
         <load_address>0xed74</load_address>
         <run_address>0xed74</run_address>
         <size>0x7a</size>
         <input_file_ref idref="fl-135"/>
      </object_component>
      <object_component id="oc-d2">
         <name>.text</name>
         <load_address>0xedee</load_address>
         <run_address>0xedee</run_address>
         <size>0x6e</size>
         <input_file_ref idref="fl-132"/>
      </object_component>
      <object_component id="oc-64">
         <name>.text</name>
         <load_address>0xee5c</load_address>
         <run_address>0xee5c</run_address>
         <size>0x6c</size>
         <input_file_ref idref="fl-13b"/>
      </object_component>
      <object_component id="oc-45">
         <name>.text</name>
         <load_address>0xeec8</load_address>
         <run_address>0xeec8</run_address>
         <size>0x6a</size>
         <input_file_ref idref="fl-12c"/>
      </object_component>
      <object_component id="oc-24">
         <name>.text</name>
         <load_address>0xef34</load_address>
         <run_address>0xef34</run_address>
         <size>0x50</size>
         <input_file_ref idref="fl-12a"/>
      </object_component>
      <object_component id="oc-11e">
         <name>.text</name>
         <load_address>0xef84</load_address>
         <run_address>0xef84</run_address>
         <size>0x4c</size>
         <input_file_ref idref="fl-13c"/>
      </object_component>
      <object_component id="oc-70">
         <name>.text</name>
         <load_address>0xefd0</load_address>
         <run_address>0xefd0</run_address>
         <size>0x44</size>
         <input_file_ref idref="fl-12e"/>
      </object_component>
      <object_component id="oc-1f5">
         <name>.text</name>
         <load_address>0xf014</load_address>
         <run_address>0xf014</run_address>
         <size>0x40</size>
         <input_file_ref idref="fl-149"/>
      </object_component>
      <object_component id="oc-93">
         <name>.text</name>
         <load_address>0xf054</load_address>
         <run_address>0xf054</run_address>
         <size>0x40</size>
         <input_file_ref idref="fl-138"/>
      </object_component>
      <object_component id="oc-b6">
         <name>.text:arm_cfft_radix2_f32</name>
         <load_address>0xf094</load_address>
         <run_address>0xf094</run_address>
         <size>0x3e</size>
         <input_file_ref idref="fl-13e"/>
      </object_component>
      <object_component id="oc-c8">
         <name>.text</name>
         <load_address>0xf0d2</load_address>
         <run_address>0xf0d2</run_address>
         <size>0x38</size>
         <input_file_ref idref="fl-133"/>
      </object_component>
      <object_component id="oc-1dd">
         <name>.text</name>
         <load_address>0xf10c</load_address>
         <run_address>0xf10c</run_address>
         <size>0x34</size>
         <input_file_ref idref="fl-147"/>
      </object_component>
      <object_component id="oc-1c3">
         <name>.text</name>
         <load_address>0xf140</load_address>
         <run_address>0xf140</run_address>
         <size>0x30</size>
         <input_file_ref idref="fl-145"/>
      </object_component>
      <object_component id="oc-1e9">
         <name>.text</name>
         <load_address>0xf170</load_address>
         <run_address>0xf170</run_address>
         <size>0x2e</size>
         <input_file_ref idref="fl-148"/>
      </object_component>
      <object_component id="oc-17e">
         <name>.text</name>
         <load_address>0xf1a0</load_address>
         <run_address>0xf1a0</run_address>
         <size>0x24</size>
         <input_file_ref idref="fl-144"/>
      </object_component>
      <object_component id="oc-6a">
         <name>.text</name>
         <load_address>0xf1c4</load_address>
         <run_address>0xf1c4</run_address>
         <size>0x18</size>
         <input_file_ref idref="fl-13a"/>
      </object_component>
      <object_component id="oc-1a7">
         <name>.text</name>
         <load_address>0xf1dc</load_address>
         <run_address>0xf1dc</run_address>
         <size>0x14</size>
         <input_file_ref idref="fl-139"/>
      </object_component>
      <object_component id="oc-12">
         <name>.text:decompress:none</name>
         <load_address>0xf1f0</load_address>
         <run_address>0xf1f0</run_address>
         <size>0xe</size>
         <input_file_ref idref="fl-12b"/>
      </object_component>
      <object_component id="oc-1e">
         <name>.text:decompress:ZI</name>
         <load_address>0xf1fe</load_address>
         <run_address>0xf1fe</run_address>
         <size>0xc</size>
         <input_file_ref idref="fl-12d"/>
      </object_component>
      <object_component id="oc-2a">
         <name>.text</name>
         <load_address>0xf20a</load_address>
         <run_address>0xf20a</run_address>
         <size>0xc</size>
         <input_file_ref idref="fl-3"/>
      </object_component>
      <object_component id="oc-a7">
         <name>.text:SysCtlDelay</name>
         <load_address>0xf216</load_address>
         <run_address>0xf216</run_address>
         <size>0x6</size>
         <input_file_ref idref="fl-2"/>
      </object_component>
      <object_component id="oc-18">
         <name>.text:decompress:rle24</name>
         <load_address>0xf21c</load_address>
         <run_address>0xf21c</run_address>
         <size>0x6</size>
         <input_file_ref idref="fl-12c"/>
      </object_component>
      <object_component id="oc-5e">
         <name>.text</name>
         <load_address>0xf222</load_address>
         <run_address>0xf222</run_address>
         <size>0x4</size>
         <input_file_ref idref="fl-136"/>
      </object_component>
      <object_component id="oc-162">
         <name>.const:twiddleCoef_4096</name>
         <load_address>0x208</load_address>
         <run_address>0x208</run_address>
         <size>0x8000</size>
         <input_file_ref idref="fl-142"/>
      </object_component>
      <object_component id="oc-165">
         <name>.const:armBitRevTable</name>
         <load_address>0x8208</load_address>
         <run_address>0x8208</run_address>
         <size>0x800</size>
         <input_file_ref idref="fl-142"/>
      </object_component>
      <object_component id="oc-a4">
         <name>.const:g_pppui32XTALtoVCO</name>
         <load_address>0x8a08</load_address>
         <run_address>0x8a08</run_address>
         <size>0x120</size>
         <input_file_ref idref="fl-2"/>
      </object_component>
      <object_component id="oc-7e">
         <name>.const:g_ppui32GPIOIntMapBlizzard</name>
         <load_address>0x8b28</load_address>
         <run_address>0x8b28</run_address>
         <size>0xc0</size>
         <input_file_ref idref="fl-2"/>
      </object_component>
      <object_component id="oc-84">
         <name>.const:g_ppui32GPIOIntMapSnowflake</name>
         <load_address>0x8be8</load_address>
         <run_address>0x8be8</run_address>
         <size>0xc0</size>
         <input_file_ref idref="fl-2"/>
      </object_component>
      <object_component id="oc-81">
         <name>.const</name>
         <load_address>0x8ca8</load_address>
         <run_address>0x8ca8</run_address>
         <size>0xac</size>
         <input_file_ref idref="fl-2"/>
      </object_component>
      <object_component id="oc-9b">
         <name>.const:g_pui32Regs</name>
         <load_address>0x8d54</load_address>
         <run_address>0x8d54</run_address>
         <size>0x9c</size>
         <input_file_ref idref="fl-2"/>
      </object_component>
      <object_component id="oc-87">
         <name>.const:g_pui32GPIOBaseAddrs</name>
         <load_address>0x8df0</load_address>
         <run_address>0x8df0</run_address>
         <size>0x90</size>
         <input_file_ref idref="fl-2"/>
      </object_component>
      <object_component id="oc-a1">
         <name>.const:g_pui32Xtals</name>
         <load_address>0x8e80</load_address>
         <run_address>0x8e80</run_address>
         <size>0x6c</size>
         <input_file_ref idref="fl-2"/>
      </object_component>
      <object_component id="oc-a8">
         <name>.const:g_ppui32TimerIntMap</name>
         <load_address>0x8eec</load_address>
         <run_address>0x8eec</run_address>
         <size>0x60</size>
         <input_file_ref idref="fl-2"/>
      </object_component>
      <object_component id="oc-ab">
         <name>.const:g_ppui32TimerIntMapSnowflake</name>
         <load_address>0x8f4c</load_address>
         <run_address>0x8f4c</run_address>
         <size>0x40</size>
         <input_file_ref idref="fl-2"/>
      </object_component>
      <object_component id="oc-8a">
         <name>.const:g_ppui32UARTIntMap</name>
         <load_address>0x8f8c</load_address>
         <run_address>0x8f8c</run_address>
         <size>0x40</size>
         <input_file_ref idref="fl-2"/>
      </object_component>
      <object_component id="oc-8d">
         <name>.const:g_ppui32UARTIntMapSnowflake</name>
         <load_address>0x8fcc</load_address>
         <run_address>0x8fcc</run_address>
         <size>0x40</size>
         <input_file_ref idref="fl-2"/>
      </object_component>
      <object_component id="oc-9e">
         <name>.const:g_sXTALtoMEMTIM</name>
         <load_address>0x900c</load_address>
         <run_address>0x900c</run_address>
         <size>0x30</size>
         <input_file_ref idref="fl-2"/>
      </object_component>
      <object_component id="oc-140">
         <name>.const:.string</name>
         <load_address>0x903c</load_address>
         <run_address>0x903c</run_address>
         <size>0x12</size>
         <input_file_ref idref="fl-2"/>
      </object_component>
      <object_component id="oc-23c">
         <name>.cinit..data.load</name>
         <load_address>0xf228</load_address>
         <run_address>0xf228</run_address>
         <size>0x25</size>
      </object_component>
      <object_component id="oc-239">
         <name>__TI_handler_table</name>
         <load_address>0xf250</load_address>
         <run_address>0xf250</run_address>
         <size>0xc</size>
      </object_component>
      <object_component id="oc-23d">
         <name>.cinit..bss.load</name>
         <load_address>0xf260</load_address>
         <run_address>0xf260</run_address>
         <size>0x8</size>
      </object_component>
      <object_component id="oc-23b">
         <name>.cinit..vtable.load</name>
         <load_address>0xf268</load_address>
         <run_address>0xf268</run_address>
         <size>0x8</size>
      </object_component>
      <object_component id="oc-23a">
         <name>__TI_cinit_table</name>
         <load_address>0xf270</load_address>
         <run_address>0xf270</run_address>
         <size>0x18</size>
      </object_component>
      <object_component id="oc-98">
         <name>.vtable</name>
         <uninitialized>true</uninitialized>
         <run_address>0x20000000</run_address>
         <size>0x26c</size>
         <input_file_ref idref="fl-2"/>
      </object_component>
      <object_component id="oc-29">
         <name>.stack</name>
         <uninitialized>true</uninitialized>
         <run_address>0x200102a4</run_address>
         <size>0x0</size>
         <input_file_ref idref="fl-12a"/>
      </object_component>
      <object_component id="oc-23e">
         <name>.stack</name>
         <uninitialized>true</uninitialized>
         <run_address>0x200102a4</run_address>
         <size>0x0</size>
      </object_component>
      <object_component id="oc-e7">
         <name>.bss:fftData</name>
         <uninitialized>true</uninitialized>
         <run_address>0x2000026c</run_address>
         <size>0x8000</size>
         <input_file_ref idref="fl-2"/>
      </object_component>
      <object_component id="oc-ec">
         <name>.bss:fftResult</name>
         <uninitialized>true</uninitialized>
         <run_address>0x2000826c</run_address>
         <size>0x8000</size>
         <input_file_ref idref="fl-2"/>
      </object_component>
      <object_component id="oc-7b">
         <name>.common:g_pui8OversampleFactor</name>
         <uninitialized>true</uninitialized>
         <run_address>0x20010280</run_address>
         <size>0x4</size>
      </object_component>
      <object_component id="oc-af">
         <name>.common:ui32SysClock</name>
         <uninitialized>true</uninitialized>
         <run_address>0x20010298</run_address>
         <size>0x4</size>
      </object_component>
      <object_component id="oc-e6">
         <name>.common:pui32ADC0Value</name>
         <uninitialized>true</uninitialized>
         <run_address>0x20010290</run_address>
         <size>0x4</size>
      </object_component>
      <object_component id="oc-f0">
         <name>.common:wavFreqHz</name>
         <uninitialized>true</uninitialized>
         <run_address>0x2001029c</run_address>
         <size>0x4</size>
      </object_component>
      <object_component id="oc-ea">
         <name>.common:status</name>
         <uninitialized>true</uninitialized>
         <run_address>0x200102a0</run_address>
         <size>0x1</size>
      </object_component>
      <object_component id="oc-eb">
         <name>.common:fft</name>
         <uninitialized>true</uninitialized>
         <run_address>0x2001026c</run_address>
         <size>0x14</size>
      </object_component>
      <object_component id="oc-ef">
         <name>.common:maxValue</name>
         <uninitialized>true</uninitialized>
         <run_address>0x2001028c</run_address>
         <size>0x4</size>
      </object_component>
      <object_component id="oc-ae">
         <name>.common:temp32Data</name>
         <uninitialized>true</uninitialized>
         <run_address>0x20010294</run_address>
         <size>0x4</size>
      </object_component>
      <object_component id="oc-f1">
         <name>.common:i32IntegerPart</name>
         <uninitialized>true</uninitialized>
         <run_address>0x20010288</run_address>
         <size>0x4</size>
      </object_component>
      <object_component id="oc-f2">
         <name>.common:i32FractionPart</name>
         <uninitialized>true</uninitialized>
         <run_address>0x20010284</run_address>
         <size>0x4</size>
      </object_component>
      <object_component id="oc-90">
         <name>.data</name>
         <load_address>0x20010554</load_address>
         <run_address>0x20010554</run_address>
         <size>0x29</size>
         <input_file_ref idref="fl-2"/>
      </object_component>
      <object_component id="oc-12b">
         <name>.data</name>
         <load_address>0x20010588</load_address>
         <run_address>0x20010588</run_address>
         <size>0x8</size>
         <input_file_ref idref="fl-12e"/>
      </object_component>
      <object_component id="oc-76">
         <name>.data</name>
         <load_address>0x2001059c</load_address>
         <run_address>0x2001059c</run_address>
         <size>0x4</size>
         <input_file_ref idref="fl-137"/>
      </object_component>
      <object_component id="oc-128">
         <name>.data</name>
         <load_address>0x20010580</load_address>
         <run_address>0x20010580</run_address>
         <size>0x8</size>
         <input_file_ref idref="fl-139"/>
      </object_component>
      <object_component id="oc-1e3">
         <name>.data</name>
         <load_address>0x20010598</load_address>
         <run_address>0x20010598</run_address>
         <size>0x4</size>
         <input_file_ref idref="fl-146"/>
      </object_component>
      <object_component id="oc-1ef">
         <name>.data</name>
         <load_address>0x20010590</load_address>
         <run_address>0x20010590</run_address>
         <size>0x8</size>
         <input_file_ref idref="fl-147"/>
      </object_component>
      <object_component id="oc-206">
         <name>.data:sigtable</name>
         <load_address>0x200104a4</load_address>
         <run_address>0x200104a4</run_address>
         <size>0xb0</size>
         <input_file_ref idref="fl-149"/>
      </object_component>
      <object_component id="oc-7c">
         <name>.debug_info</name>
         <load_address>0x0</load_address>
         <run_address>0x0</run_address>
         <size>0x612</size>
         <input_file_ref idref="fl-2"/>
      </object_component>
      <object_component id="oc-7f">
         <name>.debug_info</name>
         <load_address>0x612</load_address>
         <run_address>0x612</run_address>
         <size>0xec</size>
         <input_file_ref idref="fl-2"/>
      </object_component>
      <object_component id="oc-82">
         <name>.debug_info</name>
         <load_address>0x6fe</load_address>
         <run_address>0x6fe</run_address>
         <size>0x3d7</size>
         <input_file_ref idref="fl-2"/>
      </object_component>
      <object_component id="oc-85">
         <name>.debug_info</name>
         <load_address>0xad5</load_address>
         <run_address>0xad5</run_address>
         <size>0xee</size>
         <input_file_ref idref="fl-2"/>
      </object_component>
      <object_component id="oc-88">
         <name>.debug_info</name>
         <load_address>0xbc3</load_address>
         <run_address>0xbc3</run_address>
         <size>0xe0</size>
         <input_file_ref idref="fl-2"/>
      </object_component>
      <object_component id="oc-8b">
         <name>.debug_info</name>
         <load_address>0xca3</load_address>
         <run_address>0xca3</run_address>
         <size>0xdc</size>
         <input_file_ref idref="fl-2"/>
      </object_component>
      <object_component id="oc-8e">
         <name>.debug_info</name>
         <load_address>0xd7f</load_address>
         <run_address>0xd7f</run_address>
         <size>0xee</size>
         <input_file_ref idref="fl-2"/>
      </object_component>
      <object_component id="oc-91">
         <name>.debug_info</name>
         <load_address>0xe6d</load_address>
         <run_address>0xe6d</run_address>
         <size>0x21b</size>
         <input_file_ref idref="fl-2"/>
      </object_component>
      <object_component id="oc-9c">
         <name>.debug_info</name>
         <load_address>0x1088</load_address>
         <run_address>0x1088</run_address>
         <size>0xce</size>
         <input_file_ref idref="fl-2"/>
      </object_component>
      <object_component id="oc-99">
         <name>.debug_info</name>
         <load_address>0x1156</load_address>
         <run_address>0x1156</run_address>
         <size>0xd7</size>
         <input_file_ref idref="fl-2"/>
      </object_component>
      <object_component id="oc-a2">
         <name>.debug_info</name>
         <load_address>0x122d</load_address>
         <run_address>0x122d</run_address>
         <size>0xd0</size>
         <input_file_ref idref="fl-2"/>
      </object_component>
      <object_component id="oc-a5">
         <name>.debug_info</name>
         <load_address>0x12fd</load_address>
         <run_address>0x12fd</run_address>
         <size>0xdc</size>
         <input_file_ref idref="fl-2"/>
      </object_component>
      <object_component id="oc-9f">
         <name>.debug_info</name>
         <load_address>0x13d9</load_address>
         <run_address>0x13d9</run_address>
         <size>0xd6</size>
         <input_file_ref idref="fl-2"/>
      </object_component>
      <object_component id="oc-a9">
         <name>.debug_info</name>
         <load_address>0x14af</load_address>
         <run_address>0x14af</run_address>
         <size>0xde</size>
         <input_file_ref idref="fl-2"/>
      </object_component>
      <object_component id="oc-ac">
         <name>.debug_info</name>
         <load_address>0x158d</load_address>
         <run_address>0x158d</run_address>
         <size>0xf0</size>
         <input_file_ref idref="fl-2"/>
      </object_component>
      <object_component id="oc-e8">
         <name>.debug_info</name>
         <load_address>0x167d</load_address>
         <run_address>0x167d</run_address>
         <size>0xc7</size>
         <input_file_ref idref="fl-2"/>
      </object_component>
      <object_component id="oc-ed">
         <name>.debug_info</name>
         <load_address>0x1744</load_address>
         <run_address>0x1744</run_address>
         <size>0xcb</size>
         <input_file_ref idref="fl-2"/>
      </object_component>
      <object_component id="oc-31">
         <name>.debug_info</name>
         <load_address>0x180f</load_address>
         <run_address>0x180f</run_address>
         <size>0x146c7</size>
         <input_file_ref idref="fl-2"/>
      </object_component>
      <object_component id="oc-135">
         <name>.debug_info</name>
         <load_address>0x15ed6</load_address>
         <run_address>0x15ed6</run_address>
         <size>0x1ea6</size>
         <input_file_ref idref="fl-2"/>
      </object_component>
      <object_component id="oc-13a">
         <name>.debug_info</name>
         <load_address>0x17d7c</load_address>
         <run_address>0x17d7c</run_address>
         <size>0x51</size>
         <input_file_ref idref="fl-2"/>
      </object_component>
      <object_component id="oc-f4">
         <name>.debug_info</name>
         <load_address>0x17dcd</load_address>
         <run_address>0x17dcd</run_address>
         <size>0x8b</size>
         <input_file_ref idref="fl-2"/>
      </object_component>
      <object_component id="oc-f9">
         <name>.debug_info</name>
         <load_address>0x17e58</load_address>
         <run_address>0x17e58</run_address>
         <size>0x18b</size>
         <input_file_ref idref="fl-2"/>
      </object_component>
      <object_component id="oc-fe">
         <name>.debug_info</name>
         <load_address>0x17fe3</load_address>
         <run_address>0x17fe3</run_address>
         <size>0x4e</size>
         <input_file_ref idref="fl-2"/>
      </object_component>
      <object_component id="oc-38">
         <name>.debug_info</name>
         <load_address>0x18031</load_address>
         <run_address>0x18031</run_address>
         <size>0x125</size>
         <input_file_ref idref="fl-3"/>
      </object_component>
      <object_component id="oc-10">
         <name>.debug_info</name>
         <load_address>0x18156</load_address>
         <run_address>0x18156</run_address>
         <size>0xe6</size>
         <input_file_ref idref="fl-3"/>
      </object_component>
      <object_component id="oc-2b">
         <name>.debug_info</name>
         <load_address>0x1823c</load_address>
         <run_address>0x1823c</run_address>
         <size>0x265</size>
         <input_file_ref idref="fl-3"/>
      </object_component>
      <object_component id="oc-105">
         <name>.debug_info</name>
         <load_address>0x184a1</load_address>
         <run_address>0x184a1</run_address>
         <size>0x84</size>
         <input_file_ref idref="fl-3"/>
      </object_component>
      <object_component id="oc-25">
         <name>.debug_info</name>
         <load_address>0x18525</load_address>
         <run_address>0x18525</run_address>
         <size>0x134</size>
         <input_file_ref idref="fl-12a"/>
      </object_component>
      <object_component id="oc-44">
         <name>.debug_info</name>
         <load_address>0x18659</load_address>
         <run_address>0x18659</run_address>
         <size>0x121</size>
         <input_file_ref idref="fl-12b"/>
      </object_component>
      <object_component id="oc-13">
         <name>.debug_info</name>
         <load_address>0x1877a</load_address>
         <run_address>0x1877a</run_address>
         <size>0x1c0</size>
         <input_file_ref idref="fl-12b"/>
      </object_component>
      <object_component id="oc-3f">
         <name>.debug_info</name>
         <load_address>0x1893a</load_address>
         <run_address>0x1893a</run_address>
         <size>0x46</size>
         <input_file_ref idref="fl-12b"/>
      </object_component>
      <object_component id="oc-10b">
         <name>.debug_info</name>
         <load_address>0x18980</load_address>
         <run_address>0x18980</run_address>
         <size>0x2c</size>
         <input_file_ref idref="fl-12b"/>
      </object_component>
      <object_component id="oc-4c">
         <name>.debug_info</name>
         <load_address>0x189ac</load_address>
         <run_address>0x189ac</run_address>
         <size>0x115</size>
         <input_file_ref idref="fl-12c"/>
      </object_component>
      <object_component id="oc-46">
         <name>.debug_info</name>
         <load_address>0x18ac1</load_address>
         <run_address>0x18ac1</run_address>
         <size>0x228</size>
         <input_file_ref idref="fl-12c"/>
      </object_component>
      <object_component id="oc-19">
         <name>.debug_info</name>
         <load_address>0x18ce9</load_address>
         <run_address>0x18ce9</run_address>
         <size>0x192</size>
         <input_file_ref idref="fl-12c"/>
      </object_component>
      <object_component id="oc-4d">
         <name>.debug_info</name>
         <load_address>0x18e7b</load_address>
         <run_address>0x18e7b</run_address>
         <size>0x39</size>
         <input_file_ref idref="fl-12c"/>
      </object_component>
      <object_component id="oc-115">
         <name>.debug_info</name>
         <load_address>0x18eb4</load_address>
         <run_address>0x18eb4</run_address>
         <size>0x2c</size>
         <input_file_ref idref="fl-12c"/>
      </object_component>
      <object_component id="oc-5d">
         <name>.debug_info</name>
         <load_address>0x18ee0</load_address>
         <run_address>0x18ee0</run_address>
         <size>0x110</size>
         <input_file_ref idref="fl-12d"/>
      </object_component>
      <object_component id="oc-1f">
         <name>.debug_info</name>
         <load_address>0x18ff0</load_address>
         <run_address>0x18ff0</run_address>
         <size>0x18b</size>
         <input_file_ref idref="fl-12d"/>
      </object_component>
      <object_component id="oc-58">
         <name>.debug_info</name>
         <load_address>0x1917b</load_address>
         <run_address>0x1917b</run_address>
         <size>0x46</size>
         <input_file_ref idref="fl-12d"/>
      </object_component>
      <object_component id="oc-12f">
         <name>.debug_info</name>
         <load_address>0x191c1</load_address>
         <run_address>0x191c1</run_address>
         <size>0x172</size>
         <input_file_ref idref="fl-12e"/>
      </object_component>
      <object_component id="oc-12c">
         <name>.debug_info</name>
         <load_address>0x19333</load_address>
         <run_address>0x19333</run_address>
         <size>0x117</size>
         <input_file_ref idref="fl-12e"/>
      </object_component>
      <object_component id="oc-71">
         <name>.debug_info</name>
         <load_address>0x1944a</load_address>
         <run_address>0x1944a</run_address>
         <size>0x1ee</size>
         <input_file_ref idref="fl-12e"/>
      </object_component>
      <object_component id="oc-d9">
         <name>.debug_info</name>
         <load_address>0x19638</load_address>
         <run_address>0x19638</run_address>
         <size>0x129</size>
         <input_file_ref idref="fl-12f"/>
      </object_component>
      <object_component id="oc-e2">
         <name>.debug_info</name>
         <load_address>0x19761</load_address>
         <run_address>0x19761</run_address>
         <size>0x105</size>
         <input_file_ref idref="fl-130"/>
      </object_component>
      <object_component id="oc-dd">
         <name>.debug_info</name>
         <load_address>0x19866</load_address>
         <run_address>0x19866</run_address>
         <size>0x107</size>
         <input_file_ref idref="fl-130"/>
      </object_component>
      <object_component id="oc-ce">
         <name>.debug_info</name>
         <load_address>0x1996d</load_address>
         <run_address>0x1996d</run_address>
         <size>0x117</size>
         <input_file_ref idref="fl-131"/>
      </object_component>
      <object_component id="oc-d3">
         <name>.debug_info</name>
         <load_address>0x19a84</load_address>
         <run_address>0x19a84</run_address>
         <size>0x11b</size>
         <input_file_ref idref="fl-132"/>
      </object_component>
      <object_component id="oc-c9">
         <name>.debug_info</name>
         <load_address>0x19b9f</load_address>
         <run_address>0x19b9f</run_address>
         <size>0x109</size>
         <input_file_ref idref="fl-133"/>
      </object_component>
      <object_component id="oc-3a">
         <name>.debug_info</name>
         <load_address>0x19ca8</load_address>
         <run_address>0x19ca8</run_address>
         <size>0xf6</size>
         <input_file_ref idref="fl-134"/>
      </object_component>
      <object_component id="oc-53">
         <name>.debug_info</name>
         <load_address>0x19d9e</load_address>
         <run_address>0x19d9e</run_address>
         <size>0x124</size>
         <input_file_ref idref="fl-135"/>
      </object_component>
      <object_component id="oc-5f">
         <name>.debug_info</name>
         <load_address>0x19ec2</load_address>
         <run_address>0x19ec2</run_address>
         <size>0x129</size>
         <input_file_ref idref="fl-136"/>
      </object_component>
      <object_component id="oc-77">
         <name>.debug_info</name>
         <load_address>0x19feb</load_address>
         <run_address>0x19feb</run_address>
         <size>0xea</size>
         <input_file_ref idref="fl-137"/>
      </object_component>
      <object_component id="oc-95">
         <name>.debug_info</name>
         <load_address>0x1a0d5</load_address>
         <run_address>0x1a0d5</run_address>
         <size>0x11f</size>
         <input_file_ref idref="fl-138"/>
      </object_component>
      <object_component id="oc-1af">
         <name>.debug_info</name>
         <load_address>0x1a1f4</load_address>
         <run_address>0x1a1f4</run_address>
         <size>0x105</size>
         <input_file_ref idref="fl-139"/>
      </object_component>
      <object_component id="oc-129">
         <name>.debug_info</name>
         <load_address>0x1a2f9</load_address>
         <run_address>0x1a2f9</run_address>
         <size>0xf4</size>
         <input_file_ref idref="fl-139"/>
      </object_component>
      <object_component id="oc-1a8">
         <name>.debug_info</name>
         <load_address>0x1a3ed</load_address>
         <run_address>0x1a3ed</run_address>
         <size>0x200</size>
         <input_file_ref idref="fl-139"/>
      </object_component>
      <object_component id="oc-127">
         <name>.debug_info</name>
         <load_address>0x1a5ed</load_address>
         <run_address>0x1a5ed</run_address>
         <size>0x147</size>
         <input_file_ref idref="fl-13a"/>
      </object_component>
      <object_component id="oc-6b">
         <name>.debug_info</name>
         <load_address>0x1a734</load_address>
         <run_address>0x1a734</run_address>
         <size>0x148</size>
         <input_file_ref idref="fl-13a"/>
      </object_component>
      <object_component id="oc-1a2">
         <name>.debug_info</name>
         <load_address>0x1a87c</load_address>
         <run_address>0x1a87c</run_address>
         <size>0x5e</size>
         <input_file_ref idref="fl-13a"/>
      </object_component>
      <object_component id="oc-125">
         <name>.debug_info</name>
         <load_address>0x1a8da</load_address>
         <run_address>0x1a8da</run_address>
         <size>0x29e</size>
         <input_file_ref idref="fl-13b"/>
      </object_component>
      <object_component id="oc-65">
         <name>.debug_info</name>
         <load_address>0x1ab78</load_address>
         <run_address>0x1ab78</run_address>
         <size>0x158</size>
         <input_file_ref idref="fl-13b"/>
      </object_component>
      <object_component id="oc-196">
         <name>.debug_info</name>
         <load_address>0x1acd0</load_address>
         <run_address>0x1acd0</run_address>
         <size>0x39</size>
         <input_file_ref idref="fl-13b"/>
      </object_component>
      <object_component id="oc-19b">
         <name>.debug_info</name>
         <load_address>0x1ad09</load_address>
         <run_address>0x1ad09</run_address>
         <size>0xcd</size>
         <input_file_ref idref="fl-13b"/>
      </object_component>
      <object_component id="oc-193">
         <name>.debug_info</name>
         <load_address>0x1add6</load_address>
         <run_address>0x1add6</run_address>
         <size>0x1c1</size>
         <input_file_ref idref="fl-13c"/>
      </object_component>
      <object_component id="oc-11f">
         <name>.debug_info</name>
         <load_address>0x1af97</load_address>
         <run_address>0x1af97</run_address>
         <size>0x164</size>
         <input_file_ref idref="fl-13c"/>
      </object_component>
      <object_component id="oc-1d1">
         <name>.debug_info</name>
         <load_address>0x1b0fb</load_address>
         <run_address>0x1b0fb</run_address>
         <size>0x2c</size>
         <input_file_ref idref="fl-13c"/>
      </object_component>
      <object_component id="oc-14f">
         <name>.debug_info</name>
         <load_address>0x1b127</load_address>
         <run_address>0x1b127</run_address>
         <size>0x128</size>
         <input_file_ref idref="fl-13d"/>
      </object_component>
      <object_component id="oc-17d">
         <name>.debug_info</name>
         <load_address>0x1b24f</load_address>
         <run_address>0x1b24f</run_address>
         <size>0x234</size>
         <input_file_ref idref="fl-13e"/>
      </object_component>
      <object_component id="oc-171">
         <name>.debug_info</name>
         <load_address>0x1b483</load_address>
         <run_address>0x1b483</run_address>
         <size>0x44d</size>
         <input_file_ref idref="fl-13e"/>
      </object_component>
      <object_component id="oc-16b">
         <name>.debug_info</name>
         <load_address>0x1b8d0</load_address>
         <run_address>0x1b8d0</run_address>
         <size>0x406</size>
         <input_file_ref idref="fl-13e"/>
      </object_component>
      <object_component id="oc-b7">
         <name>.debug_info</name>
         <load_address>0x1bcd6</load_address>
         <run_address>0x1bcd6</run_address>
         <size>0x296</size>
         <input_file_ref idref="fl-13e"/>
      </object_component>
      <object_component id="oc-169">
         <name>.debug_info</name>
         <load_address>0x1bf6c</load_address>
         <run_address>0x1bf6c</run_address>
         <size>0x25c</size>
         <input_file_ref idref="fl-13f"/>
      </object_component>
      <object_component id="oc-b2">
         <name>.debug_info</name>
         <load_address>0x1c1c8</load_address>
         <run_address>0x1c1c8</run_address>
         <size>0x2ec</size>
         <input_file_ref idref="fl-13f"/>
      </object_component>
      <object_component id="oc-187">
         <name>.debug_info</name>
         <load_address>0x1c4b4</load_address>
         <run_address>0x1c4b4</run_address>
         <size>0x1e1</size>
         <input_file_ref idref="fl-140"/>
      </object_component>
      <object_component id="oc-c3">
         <name>.debug_info</name>
         <load_address>0x1c695</load_address>
         <run_address>0x1c695</run_address>
         <size>0x34f</size>
         <input_file_ref idref="fl-140"/>
      </object_component>
      <object_component id="oc-185">
         <name>.debug_info</name>
         <load_address>0x1c9e4</load_address>
         <run_address>0x1c9e4</run_address>
         <size>0x1f9</size>
         <input_file_ref idref="fl-141"/>
      </object_component>
      <object_component id="oc-be">
         <name>.debug_info</name>
         <load_address>0x1cbdd</load_address>
         <run_address>0x1cbdd</run_address>
         <size>0x3d1</size>
         <input_file_ref idref="fl-141"/>
      </object_component>
      <object_component id="oc-1b8">
         <name>.debug_info</name>
         <load_address>0x1cfae</load_address>
         <run_address>0x1cfae</run_address>
         <size>0x4b8</size>
         <input_file_ref idref="fl-142"/>
      </object_component>
      <object_component id="oc-166">
         <name>.debug_info</name>
         <load_address>0x1d466</load_address>
         <run_address>0x1d466</run_address>
         <size>0x11e</size>
         <input_file_ref idref="fl-142"/>
      </object_component>
      <object_component id="oc-163">
         <name>.debug_info</name>
         <load_address>0x1d584</load_address>
         <run_address>0x1d584</run_address>
         <size>0x123</size>
         <input_file_ref idref="fl-142"/>
      </object_component>
      <object_component id="oc-1c0">
         <name>.debug_info</name>
         <load_address>0x1d6a7</load_address>
         <run_address>0x1d6a7</run_address>
         <size>0x1e3</size>
         <input_file_ref idref="fl-143"/>
      </object_component>
      <object_component id="oc-179">
         <name>.debug_info</name>
         <load_address>0x1d88a</load_address>
         <run_address>0x1d88a</run_address>
         <size>0x362</size>
         <input_file_ref idref="fl-143"/>
      </object_component>
      <object_component id="oc-1ca">
         <name>.debug_info</name>
         <load_address>0x1dbec</load_address>
         <run_address>0x1dbec</run_address>
         <size>0x102</size>
         <input_file_ref idref="fl-144"/>
      </object_component>
      <object_component id="oc-182">
         <name>.debug_info</name>
         <load_address>0x1dcee</load_address>
         <run_address>0x1dcee</run_address>
         <size>0x139</size>
         <input_file_ref idref="fl-144"/>
      </object_component>
      <object_component id="oc-1c4">
         <name>.debug_info</name>
         <load_address>0x1de27</load_address>
         <run_address>0x1de27</run_address>
         <size>0x153</size>
         <input_file_ref idref="fl-145"/>
      </object_component>
      <object_component id="oc-1e4">
         <name>.debug_info</name>
         <load_address>0x1df7a</load_address>
         <run_address>0x1df7a</run_address>
         <size>0xd6</size>
         <input_file_ref idref="fl-146"/>
      </object_component>
      <object_component id="oc-204">
         <name>.debug_info</name>
         <load_address>0x1e050</load_address>
         <run_address>0x1e050</run_address>
         <size>0x13e</size>
         <input_file_ref idref="fl-147"/>
      </object_component>
      <object_component id="oc-1f0">
         <name>.debug_info</name>
         <load_address>0x1e18e</load_address>
         <run_address>0x1e18e</run_address>
         <size>0x10e</size>
         <input_file_ref idref="fl-147"/>
      </object_component>
      <object_component id="oc-1de">
         <name>.debug_info</name>
         <load_address>0x1e29c</load_address>
         <run_address>0x1e29c</run_address>
         <size>0x16f</size>
         <input_file_ref idref="fl-147"/>
      </object_component>
      <object_component id="oc-1ff">
         <name>.debug_info</name>
         <load_address>0x1e40b</load_address>
         <run_address>0x1e40b</run_address>
         <size>0x6f</size>
         <input_file_ref idref="fl-147"/>
      </object_component>
      <object_component id="oc-1fc">
         <name>.debug_info</name>
         <load_address>0x1e47a</load_address>
         <run_address>0x1e47a</run_address>
         <size>0xfd</size>
         <input_file_ref idref="fl-148"/>
      </object_component>
      <object_component id="oc-1ea">
         <name>.debug_info</name>
         <load_address>0x1e577</load_address>
         <run_address>0x1e577</run_address>
         <size>0x154</size>
         <input_file_ref idref="fl-148"/>
      </object_component>
      <object_component id="oc-20d">
         <name>.debug_info</name>
         <load_address>0x1e6cb</load_address>
         <run_address>0x1e6cb</run_address>
         <size>0x2c</size>
         <input_file_ref idref="fl-148"/>
      </object_component>
      <object_component id="oc-20a">
         <name>.debug_info</name>
         <load_address>0x1e6f7</load_address>
         <run_address>0x1e6f7</run_address>
         <size>0x11d</size>
         <input_file_ref idref="fl-149"/>
      </object_component>
      <object_component id="oc-207">
         <name>.debug_info</name>
         <load_address>0x1e814</load_address>
         <run_address>0x1e814</run_address>
         <size>0xdb</size>
         <input_file_ref idref="fl-149"/>
      </object_component>
      <object_component id="oc-1f6">
         <name>.debug_info</name>
         <load_address>0x1e8ef</load_address>
         <run_address>0x1e8ef</run_address>
         <size>0x16a</size>
         <input_file_ref idref="fl-149"/>
      </object_component>
      <object_component id="oc-23f">
         <name>.debug_info</name>
         <load_address>0x1ea59</load_address>
         <run_address>0x1ea59</run_address>
         <size>0x9f</size>
      </object_component>
      <object_component id="oc-134">
         <name>.debug_line</name>
         <load_address>0x0</load_address>
         <run_address>0x0</run_address>
         <size>0x110</size>
         <input_file_ref idref="fl-2"/>
      </object_component>
      <object_component id="oc-13f">
         <name>.debug_line</name>
         <load_address>0x110</load_address>
         <run_address>0x110</run_address>
         <size>0x55</size>
         <input_file_ref idref="fl-2"/>
      </object_component>
      <object_component id="oc-142">
         <name>.debug_line</name>
         <load_address>0x165</load_address>
         <run_address>0x165</run_address>
         <size>0x167</size>
         <input_file_ref idref="fl-2"/>
      </object_component>
      <object_component id="oc-144">
         <name>.debug_line</name>
         <load_address>0x2cc</load_address>
         <run_address>0x2cc</run_address>
         <size>0x55</size>
         <input_file_ref idref="fl-2"/>
      </object_component>
      <object_component id="oc-146">
         <name>.debug_line</name>
         <load_address>0x321</load_address>
         <run_address>0x321</run_address>
         <size>0x55</size>
         <input_file_ref idref="fl-2"/>
      </object_component>
      <object_component id="oc-148">
         <name>.debug_line</name>
         <load_address>0x376</load_address>
         <run_address>0x376</run_address>
         <size>0x55</size>
         <input_file_ref idref="fl-2"/>
      </object_component>
      <object_component id="oc-14a">
         <name>.debug_line</name>
         <load_address>0x3cb</load_address>
         <run_address>0x3cb</run_address>
         <size>0x55</size>
         <input_file_ref idref="fl-2"/>
      </object_component>
      <object_component id="oc-14c">
         <name>.debug_line</name>
         <load_address>0x420</load_address>
         <run_address>0x420</run_address>
         <size>0x63</size>
         <input_file_ref idref="fl-2"/>
      </object_component>
      <object_component id="oc-157">
         <name>.debug_line</name>
         <load_address>0x483</load_address>
         <run_address>0x483</run_address>
         <size>0x5a</size>
         <input_file_ref idref="fl-2"/>
      </object_component>
      <object_component id="oc-155">
         <name>.debug_line</name>
         <load_address>0x4dd</load_address>
         <run_address>0x4dd</run_address>
         <size>0x5a</size>
         <input_file_ref idref="fl-2"/>
      </object_component>
      <object_component id="oc-15b">
         <name>.debug_line</name>
         <load_address>0x537</load_address>
         <run_address>0x537</run_address>
         <size>0x57</size>
         <input_file_ref idref="fl-2"/>
      </object_component>
      <object_component id="oc-15d">
         <name>.debug_line</name>
         <load_address>0x58e</load_address>
         <run_address>0x58e</run_address>
         <size>0x57</size>
         <input_file_ref idref="fl-2"/>
      </object_component>
      <object_component id="oc-159">
         <name>.debug_line</name>
         <load_address>0x5e5</load_address>
         <run_address>0x5e5</run_address>
         <size>0x57</size>
         <input_file_ref idref="fl-2"/>
      </object_component>
      <object_component id="oc-15f">
         <name>.debug_line</name>
         <load_address>0x63c</load_address>
         <run_address>0x63c</run_address>
         <size>0x56</size>
         <input_file_ref idref="fl-2"/>
      </object_component>
      <object_component id="oc-161">
         <name>.debug_line</name>
         <load_address>0x692</load_address>
         <run_address>0x692</run_address>
         <size>0x56</size>
         <input_file_ref idref="fl-2"/>
      </object_component>
      <object_component id="oc-18f">
         <name>.debug_line</name>
         <load_address>0x6e8</load_address>
         <run_address>0x6e8</run_address>
         <size>0x2d</size>
         <input_file_ref idref="fl-2"/>
      </object_component>
      <object_component id="oc-191">
         <name>.debug_line</name>
         <load_address>0x715</load_address>
         <run_address>0x715</run_address>
         <size>0x2d</size>
         <input_file_ref idref="fl-2"/>
      </object_component>
      <object_component id="oc-34">
         <name>.debug_line</name>
         <load_address>0x742</load_address>
         <run_address>0x742</run_address>
         <size>0x3785</size>
         <input_file_ref idref="fl-2"/>
      </object_component>
      <object_component id="oc-138">
         <name>.debug_line</name>
         <load_address>0x3ec7</load_address>
         <run_address>0x3ec7</run_address>
         <size>0x5a</size>
         <input_file_ref idref="fl-2"/>
      </object_component>
      <object_component id="oc-13c">
         <name>.debug_line</name>
         <load_address>0x3f21</load_address>
         <run_address>0x3f21</run_address>
         <size>0x57</size>
         <input_file_ref idref="fl-2"/>
      </object_component>
      <object_component id="oc-f7">
         <name>.debug_line</name>
         <load_address>0x3f78</load_address>
         <run_address>0x3f78</run_address>
         <size>0x20</size>
         <input_file_ref idref="fl-2"/>
      </object_component>
      <object_component id="oc-fc">
         <name>.debug_line</name>
         <load_address>0x3f98</load_address>
         <run_address>0x3f98</run_address>
         <size>0x60</size>
         <input_file_ref idref="fl-2"/>
      </object_component>
      <object_component id="oc-101">
         <name>.debug_line</name>
         <load_address>0x3ff8</load_address>
         <run_address>0x3ff8</run_address>
         <size>0x60</size>
         <input_file_ref idref="fl-2"/>
      </object_component>
      <object_component id="oc-104">
         <name>.debug_line</name>
         <load_address>0x4058</load_address>
         <run_address>0x4058</run_address>
         <size>0x42</size>
         <input_file_ref idref="fl-3"/>
      </object_component>
      <object_component id="oc-37">
         <name>.debug_line</name>
         <load_address>0x409a</load_address>
         <run_address>0x409a</run_address>
         <size>0x42</size>
         <input_file_ref idref="fl-3"/>
      </object_component>
      <object_component id="oc-2e">
         <name>.debug_line</name>
         <load_address>0x40dc</load_address>
         <run_address>0x40dc</run_address>
         <size>0xa2</size>
         <input_file_ref idref="fl-3"/>
      </object_component>
      <object_component id="oc-108">
         <name>.debug_line</name>
         <load_address>0x417e</load_address>
         <run_address>0x417e</run_address>
         <size>0x20</size>
         <input_file_ref idref="fl-3"/>
      </object_component>
      <object_component id="oc-28">
         <name>.debug_line</name>
         <load_address>0x419e</load_address>
         <run_address>0x419e</run_address>
         <size>0x52</size>
         <input_file_ref idref="fl-12a"/>
      </object_component>
      <object_component id="oc-111">
         <name>.debug_line</name>
         <load_address>0x41f0</load_address>
         <run_address>0x41f0</run_address>
         <size>0x80</size>
         <input_file_ref idref="fl-12b"/>
      </object_component>
      <object_component id="oc-16">
         <name>.debug_line</name>
         <load_address>0x4270</load_address>
         <run_address>0x4270</run_address>
         <size>0x55</size>
         <input_file_ref idref="fl-12b"/>
      </object_component>
      <object_component id="oc-42">
         <name>.debug_line</name>
         <load_address>0x42c5</load_address>
         <run_address>0x42c5</run_address>
         <size>0x3a</size>
         <input_file_ref idref="fl-12b"/>
      </object_component>
      <object_component id="oc-10e">
         <name>.debug_line</name>
         <load_address>0x42ff</load_address>
         <run_address>0x42ff</run_address>
         <size>0x80</size>
         <input_file_ref idref="fl-12b"/>
      </object_component>
      <object_component id="oc-114">
         <name>.debug_line</name>
         <load_address>0x437f</load_address>
         <run_address>0x437f</run_address>
         <size>0x80</size>
         <input_file_ref idref="fl-12c"/>
      </object_component>
      <object_component id="oc-49">
         <name>.debug_line</name>
         <load_address>0x43ff</load_address>
         <run_address>0x43ff</run_address>
         <size>0x98</size>
         <input_file_ref idref="fl-12c"/>
      </object_component>
      <object_component id="oc-1c">
         <name>.debug_line</name>
         <load_address>0x4497</load_address>
         <run_address>0x4497</run_address>
         <size>0x4b</size>
         <input_file_ref idref="fl-12c"/>
      </object_component>
      <object_component id="oc-50">
         <name>.debug_line</name>
         <load_address>0x44e2</load_address>
         <run_address>0x44e2</run_address>
         <size>0x39</size>
         <input_file_ref idref="fl-12c"/>
      </object_component>
      <object_component id="oc-118">
         <name>.debug_line</name>
         <load_address>0x451b</load_address>
         <run_address>0x451b</run_address>
         <size>0x80</size>
         <input_file_ref idref="fl-12c"/>
      </object_component>
      <object_component id="oc-11c">
         <name>.debug_line</name>
         <load_address>0x459b</load_address>
         <run_address>0x459b</run_address>
         <size>0x80</size>
         <input_file_ref idref="fl-12d"/>
      </object_component>
      <object_component id="oc-22">
         <name>.debug_line</name>
         <load_address>0x461b</load_address>
         <run_address>0x461b</run_address>
         <size>0x4f</size>
         <input_file_ref idref="fl-12d"/>
      </object_component>
      <object_component id="oc-5b">
         <name>.debug_line</name>
         <load_address>0x466a</load_address>
         <run_address>0x466a</run_address>
         <size>0x34</size>
         <input_file_ref idref="fl-12d"/>
      </object_component>
      <object_component id="oc-1b4">
         <name>.debug_line</name>
         <load_address>0x469e</load_address>
         <run_address>0x469e</run_address>
         <size>0x7f</size>
         <input_file_ref idref="fl-12e"/>
      </object_component>
      <object_component id="oc-1b2">
         <name>.debug_line</name>
         <load_address>0x471d</load_address>
         <run_address>0x471d</run_address>
         <size>0x2a</size>
         <input_file_ref idref="fl-12e"/>
      </object_component>
      <object_component id="oc-74">
         <name>.debug_line</name>
         <load_address>0x4747</load_address>
         <run_address>0x4747</run_address>
         <size>0x7a</size>
         <input_file_ref idref="fl-12e"/>
      </object_component>
      <object_component id="oc-d8">
         <name>.debug_line</name>
         <load_address>0x47c1</load_address>
         <run_address>0x47c1</run_address>
         <size>0xd2</size>
         <input_file_ref idref="fl-12f"/>
      </object_component>
      <object_component id="oc-e5">
         <name>.debug_line</name>
         <load_address>0x4893</load_address>
         <run_address>0x4893</run_address>
         <size>0x77</size>
         <input_file_ref idref="fl-130"/>
      </object_component>
      <object_component id="oc-e0">
         <name>.debug_line</name>
         <load_address>0x490a</load_address>
         <run_address>0x490a</run_address>
         <size>0x77</size>
         <input_file_ref idref="fl-130"/>
      </object_component>
      <object_component id="oc-d1">
         <name>.debug_line</name>
         <load_address>0x4981</load_address>
         <run_address>0x4981</run_address>
         <size>0x8e</size>
         <input_file_ref idref="fl-131"/>
      </object_component>
      <object_component id="oc-d6">
         <name>.debug_line</name>
         <load_address>0x4a0f</load_address>
         <run_address>0x4a0f</run_address>
         <size>0x67</size>
         <input_file_ref idref="fl-132"/>
      </object_component>
      <object_component id="oc-cc">
         <name>.debug_line</name>
         <load_address>0x4a76</load_address>
         <run_address>0x4a76</run_address>
         <size>0x57</size>
         <input_file_ref idref="fl-133"/>
      </object_component>
      <object_component id="oc-3d">
         <name>.debug_line</name>
         <load_address>0x4acd</load_address>
         <run_address>0x4acd</run_address>
         <size>0x88</size>
         <input_file_ref idref="fl-134"/>
      </object_component>
      <object_component id="oc-56">
         <name>.debug_line</name>
         <load_address>0x4b55</load_address>
         <run_address>0x4b55</run_address>
         <size>0x79</size>
         <input_file_ref idref="fl-135"/>
      </object_component>
      <object_component id="oc-62">
         <name>.debug_line</name>
         <load_address>0x4bce</load_address>
         <run_address>0x4bce</run_address>
         <size>0x40</size>
         <input_file_ref idref="fl-136"/>
      </object_component>
      <object_component id="oc-132">
         <name>.debug_line</name>
         <load_address>0x4c0e</load_address>
         <run_address>0x4c0e</run_address>
         <size>0x33</size>
         <input_file_ref idref="fl-137"/>
      </object_component>
      <object_component id="oc-94">
         <name>.debug_line</name>
         <load_address>0x4c41</load_address>
         <run_address>0x4c41</run_address>
         <size>0x5b</size>
         <input_file_ref idref="fl-138"/>
      </object_component>
      <object_component id="oc-1d8">
         <name>.debug_line</name>
         <load_address>0x4c9c</load_address>
         <run_address>0x4c9c</run_address>
         <size>0x20</size>
         <input_file_ref idref="fl-139"/>
      </object_component>
      <object_component id="oc-1ae">
         <name>.debug_line</name>
         <load_address>0x4cbc</load_address>
         <run_address>0x4cbc</run_address>
         <size>0x2b</size>
         <input_file_ref idref="fl-139"/>
      </object_component>
      <object_component id="oc-1ab">
         <name>.debug_line</name>
         <load_address>0x4ce7</load_address>
         <run_address>0x4ce7</run_address>
         <size>0x68</size>
         <input_file_ref idref="fl-139"/>
      </object_component>
      <object_component id="oc-1a1">
         <name>.debug_line</name>
         <load_address>0x4d4f</load_address>
         <run_address>0x4d4f</run_address>
         <size>0x2b</size>
         <input_file_ref idref="fl-13a"/>
      </object_component>
      <object_component id="oc-6e">
         <name>.debug_line</name>
         <load_address>0x4d7a</load_address>
         <run_address>0x4d7a</run_address>
         <size>0x50</size>
         <input_file_ref idref="fl-13a"/>
      </object_component>
      <object_component id="oc-1a5">
         <name>.debug_line</name>
         <load_address>0x4dca</load_address>
         <run_address>0x4dca</run_address>
         <size>0x2b</size>
         <input_file_ref idref="fl-13a"/>
      </object_component>
      <object_component id="oc-195">
         <name>.debug_line</name>
         <load_address>0x4df5</load_address>
         <run_address>0x4df5</run_address>
         <size>0x8f</size>
         <input_file_ref idref="fl-13b"/>
      </object_component>
      <object_component id="oc-68">
         <name>.debug_line</name>
         <load_address>0x4e84</load_address>
         <run_address>0x4e84</run_address>
         <size>0x79</size>
         <input_file_ref idref="fl-13b"/>
      </object_component>
      <object_component id="oc-199">
         <name>.debug_line</name>
         <load_address>0x4efd</load_address>
         <run_address>0x4efd</run_address>
         <size>0x2e</size>
         <input_file_ref idref="fl-13b"/>
      </object_component>
      <object_component id="oc-19e">
         <name>.debug_line</name>
         <load_address>0x4f2b</load_address>
         <run_address>0x4f2b</run_address>
         <size>0x81</size>
         <input_file_ref idref="fl-13b"/>
      </object_component>
      <object_component id="oc-1d0">
         <name>.debug_line</name>
         <load_address>0x4fac</load_address>
         <run_address>0x4fac</run_address>
         <size>0x8e</size>
         <input_file_ref idref="fl-13c"/>
      </object_component>
      <object_component id="oc-122">
         <name>.debug_line</name>
         <load_address>0x503a</load_address>
         <run_address>0x503a</run_address>
         <size>0x68</size>
         <input_file_ref idref="fl-13c"/>
      </object_component>
      <object_component id="oc-1d4">
         <name>.debug_line</name>
         <load_address>0x50a2</load_address>
         <run_address>0x50a2</run_address>
         <size>0x2e</size>
         <input_file_ref idref="fl-13c"/>
      </object_component>
      <object_component id="oc-14e">
         <name>.debug_line</name>
         <load_address>0x50d0</load_address>
         <run_address>0x50d0</run_address>
         <size>0x3b</size>
         <input_file_ref idref="fl-13d"/>
      </object_component>
      <object_component id="oc-1c2">
         <name>.debug_line</name>
         <load_address>0x510b</load_address>
         <run_address>0x510b</run_address>
         <size>0x7f</size>
         <input_file_ref idref="fl-13e"/>
      </object_component>
      <object_component id="oc-174">
         <name>.debug_line</name>
         <load_address>0x518a</load_address>
         <run_address>0x518a</run_address>
         <size>0x178</size>
         <input_file_ref idref="fl-13e"/>
      </object_component>
      <object_component id="oc-16e">
         <name>.debug_line</name>
         <load_address>0x5302</load_address>
         <run_address>0x5302</run_address>
         <size>0x172</size>
         <input_file_ref idref="fl-13e"/>
      </object_component>
      <object_component id="oc-ba">
         <name>.debug_line</name>
         <load_address>0x5474</load_address>
         <run_address>0x5474</run_address>
         <size>0xa4</size>
         <input_file_ref idref="fl-13e"/>
      </object_component>
      <object_component id="oc-1bc">
         <name>.debug_line</name>
         <load_address>0x5518</load_address>
         <run_address>0x5518</run_address>
         <size>0x63</size>
         <input_file_ref idref="fl-13f"/>
      </object_component>
      <object_component id="oc-b1">
         <name>.debug_line</name>
         <load_address>0x557b</load_address>
         <run_address>0x557b</run_address>
         <size>0xf1</size>
         <input_file_ref idref="fl-13f"/>
      </object_component>
      <object_component id="oc-1ce">
         <name>.debug_line</name>
         <load_address>0x566c</load_address>
         <run_address>0x566c</run_address>
         <size>0x20</size>
         <input_file_ref idref="fl-140"/>
      </object_component>
      <object_component id="oc-c6">
         <name>.debug_line</name>
         <load_address>0x568c</load_address>
         <run_address>0x568c</run_address>
         <size>0xf9</size>
         <input_file_ref idref="fl-140"/>
      </object_component>
      <object_component id="oc-1cc">
         <name>.debug_line</name>
         <load_address>0x5785</load_address>
         <run_address>0x5785</run_address>
         <size>0x5e</size>
         <input_file_ref idref="fl-141"/>
      </object_component>
      <object_component id="oc-bd">
         <name>.debug_line</name>
         <load_address>0x57e3</load_address>
         <run_address>0x57e3</run_address>
         <size>0x175</size>
         <input_file_ref idref="fl-141"/>
      </object_component>
      <object_component id="oc-1da">
         <name>.debug_line</name>
         <load_address>0x5958</load_address>
         <run_address>0x5958</run_address>
         <size>0x20</size>
         <input_file_ref idref="fl-142"/>
      </object_component>
      <object_component id="oc-1ba">
         <name>.debug_line</name>
         <load_address>0x5978</load_address>
         <run_address>0x5978</run_address>
         <size>0x77</size>
         <input_file_ref idref="fl-142"/>
      </object_component>
      <object_component id="oc-1b7">
         <name>.debug_line</name>
         <load_address>0x59ef</load_address>
         <run_address>0x59ef</run_address>
         <size>0x77</size>
         <input_file_ref idref="fl-142"/>
      </object_component>
      <object_component id="oc-1dc">
         <name>.debug_line</name>
         <load_address>0x5a66</load_address>
         <run_address>0x5a66</run_address>
         <size>0x20</size>
         <input_file_ref idref="fl-143"/>
      </object_component>
      <object_component id="oc-17b">
         <name>.debug_line</name>
         <load_address>0x5a86</load_address>
         <run_address>0x5a86</run_address>
         <size>0x13f</size>
         <input_file_ref idref="fl-143"/>
      </object_component>
      <object_component id="oc-1e8">
         <name>.debug_line</name>
         <load_address>0x5bc5</load_address>
         <run_address>0x5bc5</run_address>
         <size>0x7f</size>
         <input_file_ref idref="fl-144"/>
      </object_component>
      <object_component id="oc-180">
         <name>.debug_line</name>
         <load_address>0x5c44</load_address>
         <run_address>0x5c44</run_address>
         <size>0x47</size>
         <input_file_ref idref="fl-144"/>
      </object_component>
      <object_component id="oc-1c8">
         <name>.debug_line</name>
         <load_address>0x5c8b</load_address>
         <run_address>0x5c8b</run_address>
         <size>0x4e</size>
         <input_file_ref idref="fl-145"/>
      </object_component>
      <object_component id="oc-1f4">
         <name>.debug_line</name>
         <load_address>0x5cd9</load_address>
         <run_address>0x5cd9</run_address>
         <size>0x2b</size>
         <input_file_ref idref="fl-146"/>
      </object_component>
      <object_component id="oc-213">
         <name>.debug_line</name>
         <load_address>0x5d04</load_address>
         <run_address>0x5d04</run_address>
         <size>0x80</size>
         <input_file_ref idref="fl-147"/>
      </object_component>
      <object_component id="oc-1fe">
         <name>.debug_line</name>
         <load_address>0x5d84</load_address>
         <run_address>0x5d84</run_address>
         <size>0x33</size>
         <input_file_ref idref="fl-147"/>
      </object_component>
      <object_component id="oc-1e1">
         <name>.debug_line</name>
         <load_address>0x5db7</load_address>
         <run_address>0x5db7</run_address>
         <size>0x54</size>
         <input_file_ref idref="fl-147"/>
      </object_component>
      <object_component id="oc-202">
         <name>.debug_line</name>
         <load_address>0x5e0b</load_address>
         <run_address>0x5e0b</run_address>
         <size>0x7e</size>
         <input_file_ref idref="fl-147"/>
      </object_component>
      <object_component id="oc-20c">
         <name>.debug_line</name>
         <load_address>0x5e89</load_address>
         <run_address>0x5e89</run_address>
         <size>0x80</size>
         <input_file_ref idref="fl-148"/>
      </object_component>
      <object_component id="oc-1ed">
         <name>.debug_line</name>
         <load_address>0x5f09</load_address>
         <run_address>0x5f09</run_address>
         <size>0x53</size>
         <input_file_ref idref="fl-148"/>
      </object_component>
      <object_component id="oc-210">
         <name>.debug_line</name>
         <load_address>0x5f5c</load_address>
         <run_address>0x5f5c</run_address>
         <size>0x80</size>
         <input_file_ref idref="fl-148"/>
      </object_component>
      <object_component id="oc-217">
         <name>.debug_line</name>
         <load_address>0x5fdc</load_address>
         <run_address>0x5fdc</run_address>
         <size>0x7f</size>
         <input_file_ref idref="fl-149"/>
      </object_component>
      <object_component id="oc-215">
         <name>.debug_line</name>
         <load_address>0x605b</load_address>
         <run_address>0x605b</run_address>
         <size>0x2c</size>
         <input_file_ref idref="fl-149"/>
      </object_component>
      <object_component id="oc-1f9">
         <name>.debug_line</name>
         <load_address>0x6087</load_address>
         <run_address>0x6087</run_address>
         <size>0x49</size>
         <input_file_ref idref="fl-149"/>
      </object_component>
      <object_component id="oc-35">
         <name>.debug_frame</name>
         <load_address>0x0</load_address>
         <run_address>0x0</run_address>
         <size>0x1a0d</size>
         <input_file_ref idref="fl-2"/>
      </object_component>
      <object_component id="oc-2f">
         <name>.debug_frame</name>
         <load_address>0x1a0d</load_address>
         <run_address>0x1a0d</run_address>
         <size>0xb2</size>
         <input_file_ref idref="fl-3"/>
      </object_component>
      <object_component id="oc-17">
         <name>.debug_frame</name>
         <load_address>0x1abf</load_address>
         <run_address>0x1abf</run_address>
         <size>0x7f</size>
         <input_file_ref idref="fl-12b"/>
      </object_component>
      <object_component id="oc-4a">
         <name>.debug_frame</name>
         <load_address>0x1b3e</load_address>
         <run_address>0x1b3e</run_address>
         <size>0x8e</size>
         <input_file_ref idref="fl-12c"/>
      </object_component>
      <object_component id="oc-1d">
         <name>.debug_frame</name>
         <load_address>0x1bcc</load_address>
         <run_address>0x1bcc</run_address>
         <size>0x7f</size>
         <input_file_ref idref="fl-12c"/>
      </object_component>
      <object_component id="oc-23">
         <name>.debug_frame</name>
         <load_address>0x1c4b</load_address>
         <run_address>0x1c4b</run_address>
         <size>0x7f</size>
         <input_file_ref idref="fl-12d"/>
      </object_component>
      <object_component id="oc-75">
         <name>.debug_frame</name>
         <load_address>0x1cca</load_address>
         <run_address>0x1cca</run_address>
         <size>0xb3</size>
         <input_file_ref idref="fl-12e"/>
      </object_component>
      <object_component id="oc-63">
         <name>.debug_frame</name>
         <load_address>0x1d7d</load_address>
         <run_address>0x1d7d</run_address>
         <size>0x7f</size>
         <input_file_ref idref="fl-136"/>
      </object_component>
      <object_component id="oc-1ac">
         <name>.debug_frame</name>
         <load_address>0x1dfc</load_address>
         <run_address>0x1dfc</run_address>
         <size>0xa1</size>
         <input_file_ref idref="fl-139"/>
      </object_component>
      <object_component id="oc-6f">
         <name>.debug_frame</name>
[...]
      </symbol>
      <symbol id="sm-69d">
         <name>GPIOPadConfigSet</name>
         <value>0x9a59</value>
         <object_component_ref idref="oc-30"/>
      </symbol>
      <symbol id="sm-69e">
         <name>ADCSequenceDMADisable</name>
         <value>0x976b</value>
         <object_component_ref idref="oc-30"/>
      </symbol>
      <symbol id="sm-69f">
         <name>count</name>
         <value>0x20010558</value>
         <object_component_ref idref="oc-90"/>
      </symbol>
      <symbol id="sm-6a0">
         <name>GPIOPinTypeLCD</name>
         <value>0xa073</value>
         <object_component_ref idref="oc-30"/>
      </symbol>
      <symbol id="sm-6a1">
         <name>g_pfnRAMVectors</name>
         <value>0x20000000</value>
         <object_component_ref idref="oc-98"/>
      </symbol>
      <symbol id="sm-6a2">
         <name>GPIOPinTypeSSI</name>
         <value>0xa14b</value>
         <object_component_ref idref="oc-30"/>
      </symbol>
      <symbol id="sm-6a3">
         <name>ADCIntClear</name>
         <value>0x918b</value>
         <object_component_ref idref="oc-30"/>
      </symbol>
      <symbol id="sm-6a4">
         <name>TimerIntEnable</name>
         <value>0xc697</value>
         <object_component_ref idref="oc-30"/>
      </symbol>
      <symbol id="sm-6a5">
         <name>SysCtlUSBPLLEnable</name>
         <value>0xc053</value>
         <object_component_ref idref="oc-30"/>
      </symbol>
      <symbol id="sm-6a6">
         <name>TimerClockSourceSet</name>
         <value>0xc417</value>
         <object_component_ref idref="oc-30"/>
      </symbol>
      <symbol id="sm-6a7">
         <name>ADCHardwareOversampleConfigure</name>
         <value>0x9575</value>
         <object_component_ref idref="oc-30"/>
      </symbol>
      <symbol id="sm-6a8">
         <name>SysCtlPeripheralSleepEnable</name>
         <value>0xb56d</value>
         <object_component_ref idref="oc-30"/>
      </symbol>
      <symbol id="sm-6a9">
         <name>SysCtlIntUnregister</name>
         <value>0xb6ed</value>
         <object_component_ref idref="oc-30"/>
      </symbol>
      <symbol id="sm-6aa">
         <name>UART9BitEnable</name>
         <value>0xa951</value>
         <object_component_ref idref="oc-30"/>
      </symbol>
      <symbol id="sm-6ab">
         <name>TimerLoadSet64</name>
         <value>0xc511</value>
         <object_component_ref idref="oc-30"/>
      </symbol>
      <symbol id="sm-6ac">
         <name>ADCIntStatus</name>
         <value>0x9133</value>
         <object_component_ref idref="oc-30"/>
      </symbol>
      <symbol id="sm-6ad">
         <name>ADCIntRegister</name>
         <value>0x90ab</value>
         <object_component_ref idref="oc-30"/>
      </symbol>
      <symbol id="sm-6ae">
         <name>UARTSpaceAvail</name>
         <value>0xa765</value>
         <object_component_ref idref="oc-30"/>
      </symbol>
      <symbol id="sm-6af">
         <name>GPIOPinTypeTimer</name>
         <value>0xa16f</value>
         <object_component_ref idref="oc-30"/>
      </symbol>
      <symbol id="sm-6b0">
         <name>UARTCharGet</name>
         <value>0xa79f</value>
         <object_component_ref idref="oc-30"/>
      </symbol>
      <symbol id="sm-6b1">
         <name>UARTFIFOLevelSet</name>
         <value>0xa451</value>
         <object_component_ref idref="oc-30"/>
      </symbol>
      <symbol id="sm-6b2">
         <name>ADCSequenceDisable</name>
         <value>0x91bb</value>
         <object_component_ref idref="oc-30"/>
      </symbol>
      <symbol id="sm-6b3">
         <name>TimerDMAEventGet</name>
         <value>0xc73b</value>
         <object_component_ref idref="oc-30"/>
      </symbol>
      <symbol id="sm-6b4">
         <name>ADCClockConfigSet</name>
         <value>0x97a5</value>
         <object_component_ref idref="oc-30"/>
      </symbol>
      <symbol id="sm-6b5">
         <name>TimerRTCDisable</name>
         <value>0xc401</value>
         <object_component_ref idref="oc-30"/>
      </symbol>
      <symbol id="sm-6b6">
         <name>ADCSoftwareOversampleDataGet</name>
         <value>0x9507</value>
         <object_component_ref idref="oc-30"/>
      </symbol>
      <symbol id="sm-6b7">
         <name>UARTModemControlClear</name>
         <value>0xa6a1</value>
         <object_component_ref idref="oc-30"/>
      </symbol>
      <symbol id="sm-6b8">
         <name>TimerADCEventGet</name>
         <value>0xc71b</value>
         <object_component_ref idref="oc-30"/>
      </symbol>
      <symbol id="sm-6b9">
         <name>button0pressed</name>
         <value>0x20010574</value>
         <object_component_ref idref="oc-90"/>
      </symbol>
      <symbol id="sm-6ba">
         <name>GPIOPinTypeCAN</name>
         <value>0x9ee7</value>
         <object_component_ref idref="oc-30"/>
      </symbol>
      <symbol id="sm-6bb">
         <name>TimerPrescaleMatchSet</name>
         <value>0xc485</value>
         <object_component_ref idref="oc-30"/>
      </symbol>
      <symbol id="sm-6bc">
         <name>GPIOPinTypePECITx</name>
         <value>0xa0df</value>
         <object_component_ref idref="oc-30"/>
      </symbol>
      <symbol id="sm-6bd">
         <name>TimerControlWaitOnTrigger</name>
         <value>0xc375</value>
         <object_component_ref idref="oc-30"/>
      </symbol>
      <symbol id="sm-6be">
         <name>SysCtlUSBPLLDisable</name>
         <value>0xc05f</value>
         <object_component_ref idref="oc-30"/>
      </symbol>
      <symbol id="sm-6bf">
         <name>CPUcpsie</name>
         <value>0xc7b3</value>
         <object_component_ref idref="oc-30"/>
      </symbol>
      <symbol id="sm-6c0">
         <name>CPUcpsid</name>
         <value>0xc79d</value>
         <object_component_ref idref="oc-30"/>
      </symbol>
      <symbol id="sm-6c1">
         <name>UARTParityModeGet</name>
         <value>0xa43f</value>
         <object_component_ref idref="oc-30"/>
      </symbol>
      <symbol id="sm-6c2">
         <name>UARTIntRegister</name>
         <value>0xa83f</value>
         <object_component_ref idref="oc-30"/>
      </symbol>
      <symbol id="sm-6c3">
         <name>TimerConfigure</name>
         <value>0xc1c1</value>
         <object_component_ref idref="oc-30"/>
      </symbol>
      <symbol id="sm-6c4">
         <name>TimerControlEvent</name>
         <value>0xc2fd</value>
         <object_component_ref idref="oc-30"/>
      </symbol>
      <symbol id="sm-6c5">
         <name>CPUwfi</name>
         <value>0xc7bf</value>
         <object_component_ref idref="oc-30"/>
      </symbol>
      <symbol id="sm-6c6">
         <name>SysCtlPeripheralReady</name>
         <value>0xb399</value>
         <object_component_ref idref="oc-30"/>
      </symbol>
      <symbol id="sm-6c7">
         <name>FPUFlushToZeroModeSet</name>
         <value>0xc859</value>
         <object_component_ref idref="oc-30"/>
      </symbol>
      <symbol id="sm-6c8">
         <name>SysCtlPIOSCCalibrate</name>
         <value>0xb801</value>
         <object_component_ref idref="oc-30"/>
      </symbol>
      <symbol id="sm-6c9">
         <name>TimerIntClear</name>
         <value>0xc6e5</value>
         <object_component_ref idref="oc-30"/>
      </symbol>
      <symbol id="sm-6ca">
         <name>SysCtlResetCauseClear</name>
         <value>0xb7d7</value>
         <object_component_ref idref="oc-30"/>
      </symbol>
      <symbol id="sm-6cb">
         <name>ADCSequenceDataGet</name>
         <value>0x93a9</value>
         <object_component_ref idref="oc-30"/>
      </symbol>
      <symbol id="sm-6cc">
         <name>SysCtlLDOSleepGet</name>
         <value>0xb765</value>
         <object_component_ref idref="oc-30"/>
      </symbol>
      <symbol id="sm-6cd">
         <name>SysCtlClockFreqSet</name>
         <value>0xb8b5</value>
         <object_component_ref idref="oc-30"/>
      </symbol>
      <symbol id="sm-6ce">
         <name>IntMasterEnable</name>
         <value>0xae79</value>
         <object_component_ref idref="oc-30"/>
      </symbol>
      <symbol id="sm-6cf">
         <name>SysCtlPeripheralReset</name>
         <value>0xb459</value>
         <object_component_ref idref="oc-30"/>
      </symbol>
      <symbol id="sm-6d0">
         <name>UARTBreakCtl</name>
         <value>0xa7f7</value>
         <object_component_ref idref="oc-30"/>
      </symbol>
      <symbol id="sm-6d1">
         <name>GPIOPinTypePECIRx</name>
         <value>0xa0bb</value>
         <object_component_ref idref="oc-30"/>
      </symbol>
      <symbol id="sm-6d2">
         <name>UARTprintf</name>
         <value>0xae53</value>
         <object_component_ref idref="oc-30"/>
      </symbol>
      <symbol id="sm-6d3">
         <name>UARTvprintf</name>
         <value>0xab59</value>
         <object_component_ref idref="oc-30"/>
      </symbol>
      <symbol id="sm-6d4">
         <name>GPIOPinTypeEPI</name>
         <value>0x9f53</value>
         <object_component_ref idref="oc-30"/>
      </symbol>
      <symbol id="sm-6d5">
         <name>UART9BitAddrSet</name>
         <value>0xa97d</value>
         <object_component_ref idref="oc-30"/>
      </symbol>
      <symbol id="sm-6d6">
         <name>GPIOPinTypeEthernetLED</name>
         <value>0x9f77</value>
         <object_component_ref idref="oc-30"/>
      </symbol>
      <symbol id="sm-6d7">
         <name>IntPendSet</name>
         <value>0xb13d</value>
         <object_component_ref idref="oc-30"/>
      </symbol>
      <symbol id="sm-6d8">
         <name>GPIOPinWakeStatus</name>
         <value>0xa2db</value>
         <object_component_ref idref="oc-30"/>
      </symbol>
      <symbol id="sm-6d9">
         <name>doBitReverse</name>
         <value>0x20010564</value>
         <object_component_ref idref="oc-90"/>
      </symbol>
      <symbol id="sm-6da">
         <name>TimerSynchronize</name>
         <value>0xc6f7</value>
         <object_component_ref idref="oc-30"/>
      </symbol>
      <symbol id="sm-6fb">
         <name>ResetISR</name>
         <value>0xf20b</value>
         <object_component_ref idref="oc-2a"/>
      </symbol>
      <symbol id="sm-6fc">
         <name>g_pfnVectors</name>
         <value>0x0</value>
         <object_component_ref idref="oc-f"/>
      </symbol>
      <symbol id="sm-70e">
         <name>_c_int00</name>
         <value>0xef35</value>
         <object_component_ref idref="oc-24"/>
      </symbol>
      <symbol id="sm-70f">
         <name>__stack</name>
         <value>0x200102a4</value>
         <object_component_ref idref="oc-29"/>
      </symbol>
      <symbol id="sm-726">
         <name>__TI_decompress_none</name>
         <value>0xf1f1</value>
         <object_component_ref idref="oc-12"/>
      </symbol>
      <symbol id="sm-74e">
         <name>__TI_decompress_rle24</name>
         <value>0xf21d</value>
         <object_component_ref idref="oc-18"/>
      </symbol>
      <symbol id="sm-760">
         <name>__TI_zero_init</name>
         <value>0xf1ff</value>
         <object_component_ref idref="oc-1e"/>
      </symbol>
      <symbol id="sm-77f">
         <name>C$$EXIT</name>
         <value>0xefd1</value>
         <object_component_ref idref="oc-70"/>
      </symbol>
      <symbol id="sm-780">
         <name>abort</name>
         <value>0xefd5</value>
         <object_component_ref idref="oc-70"/>
      </symbol>
      <symbol id="sm-781">
         <name>exit</name>
         <value>0xefdd</value>
         <object_component_ref idref="oc-70"/>
      </symbol>
      <symbol id="sm-782">
         <name>__TI_dtors_ptr</name>
         <value>0x2001058c</value>
         <object_component_ref idref="oc-12b"/>
      </symbol>
      <symbol id="sm-783">
         <name>__TI_cleanup_ptr</name>
         <value>0x20010588</value>
         <object_component_ref idref="oc-12b"/>
      </symbol>
      <symbol id="sm-7a7">
         <name>__aeabi_dsub</name>
         <value>0xe569</value>
         <object_component_ref idref="oc-d7"/>
      </symbol>
      <symbol id="sm-7a8">
         <name>__aeabi_dadd</name>
         <value>0xe573</value>
         <object_component_ref idref="oc-d7"/>
      </symbol>
      <symbol id="sm-7cf">
         <name>__aeabi_cdcmpeq</name>
         <value>0xec69</value>
         <object_component_ref idref="oc-e1"/>
      </symbol>
      <symbol id="sm-7d0">
         <name>__aeabi_cdcmple</name>
         <value>0xec69</value>
         <object_component_ref idref="oc-e1"/>
      </symbol>
      <symbol id="sm-7d1">
         <name>__aeabi_cdrcmple</name>
         <value>0xecef</value>
         <object_component_ref idref="oc-dc"/>
      </symbol>
      <symbol id="sm-7e8">
         <name>__aeabi_dmul</name>
         <value>0xe859</value>
         <object_component_ref idref="oc-cd"/>
      </symbol>
      <symbol id="sm-7f8">
         <name>__aeabi_d2f</name>
         <value>0xedef</value>
         <object_component_ref idref="oc-d2"/>
      </symbol>
      <symbol id="sm-806">
         <name>__aeabi_f2d</name>
         <value>0xf0d3</value>
         <object_component_ref idref="oc-c8"/>
      </symbol>
      <symbol id="sm-821">
         <name>memcpy</name>
         <value>0xebcd</value>
         <object_component_ref idref="oc-39"/>
      </symbol>
      <symbol id="sm-822">
         <name>__aeabi_memcpy</name>
         <value>0xebcd</value>
         <object_component_ref idref="oc-39"/>
      </symbol>
      <symbol id="sm-823">
         <name>__aeabi_memcpy8</name>
         <value>0xebcd</value>
         <object_component_ref idref="oc-39"/>
      </symbol>
      <symbol id="sm-824">
         <name>__aeabi_memcpy4</name>
         <value>0xebcd</value>
         <object_component_ref idref="oc-39"/>
      </symbol>
      <symbol id="sm-833">
         <name>__aeabi_memset</name>
         <value>0xed77</value>
         <object_component_ref idref="oc-52"/>
      </symbol>
      <symbol id="sm-834">
         <name>memset</name>
         <value>0xed7d</value>
         <object_component_ref idref="oc-52"/>
      </symbol>
      <symbol id="sm-835">
         <name>__aeabi_memset8</name>
         <value>0xed77</value>
         <object_component_ref idref="oc-52"/>
      </symbol>
      <symbol id="sm-836">
         <name>__aeabi_memset4</name>
         <value>0xed77</value>
         <object_component_ref idref="oc-52"/>
      </symbol>
      <symbol id="sm-837">
         <name>__aeabi_memclr8</name>
         <value>0xed75</value>
         <object_component_ref idref="oc-52"/>
      </symbol>
      <symbol id="sm-838">
         <name>__aeabi_memclr4</name>
         <value>0xed75</value>
         <object_component_ref idref="oc-52"/>
      </symbol>
      <symbol id="sm-839">
         <name>__aeabi_memclr</name>
         <value>0xed75</value>
         <object_component_ref idref="oc-52"/>
      </symbol>
      <symbol id="sm-843">
         <name>_system_pre_init</name>
         <value>0xf223</value>
         <object_component_ref idref="oc-5e"/>
      </symbol>
      <symbol id="sm-84b">
         <name>main_func_sp</name>
         <value>0x2001059c</value>
         <object_component_ref idref="oc-76"/>
      </symbol>
      <symbol id="sm-85d">
         <name>__aeabi_uidivmod</name>
         <value>0xf055</value>
         <object_component_ref idref="oc-93"/>
      </symbol>
      <symbol id="sm-85e">
         <name>__aeabi_uidiv</name>
         <value>0xf055</value>
         <object_component_ref idref="oc-93"/>
      </symbol>
      <symbol id="sm-877">
         <name>_nop</name>
         <value>0xf1eb</value>
         <object_component_ref idref="oc-1a7"/>
      </symbol>
      <symbol id="sm-878">
         <name>_lock</name>
         <value>0x20010580</value>
         <object_component_ref idref="oc-128"/>
      </symbol>
      <symbol id="sm-879">
         <name>_unlock</name>
         <value>0x20010584</value>
         <object_component_ref idref="oc-128"/>
      </symbol>
      <symbol id="sm-87a">
         <name>_register_lock</name>
         <value>0xf1e3</value>
         <object_component_ref idref="oc-1a7"/>
      </symbol>
      <symbol id="sm-87b">
         <name>_register_unlock</name>
         <value>0xf1dd</value>
         <object_component_ref idref="oc-1a7"/>
      </symbol>
      <symbol id="sm-890">
         <name>_args_main</name>
         <value>0xf1c5</value>
         <object_component_ref idref="oc-6a"/>
      </symbol>
      <symbol id="sm-8b6">
         <name>__TI_auto_init</name>
         <value>0xee5d</value>
         <object_component_ref idref="oc-64"/>
      </symbol>
      <symbol id="sm-8d0">
         <name>copy_in</name>
         <value>0xef85</value>
         <object_component_ref idref="oc-11e"/>
      </symbol>
      <symbol id="sm-8da">
         <name>__aeabi_idiv0</name>
         <value>0xe71f</value>
         <object_component_ref idref="oc-14d"/>
      </symbol>
      <symbol id="sm-90a">
         <name>arm_cfft_radix2_f32</name>
         <value>0xf095</value>
         <object_component_ref idref="oc-b6"/>
      </symbol>
      <symbol id="sm-90b">
         <name>arm_radix2_butterfly_inverse_f32</name>
         <value>0xe1e5</value>
         <object_component_ref idref="oc-170"/>
      </symbol>
      <symbol id="sm-90c">
         <name>arm_radix2_butterfly_f32</name>
         <value>0xe3af</value>
         <object_component_ref idref="oc-16a"/>
      </symbol>
      <symbol id="sm-934">
         <name>arm_cfft_radix2_init_f32</name>
         <value>0xea4d</value>
         <object_component_ref idref="oc-b0"/>
      </symbol>
      <symbol id="sm-945">
         <name>arm_max_f32</name>
         <value>0xeb1d</value>
         <object_component_ref idref="oc-c2"/>
      </symbol>
      <symbol id="sm-95d">
         <name>arm_cmplx_mag_f32</name>
         <value>0xe721</value>
         <object_component_ref idref="oc-bc"/>
      </symbol>
      <symbol id="sm-96e">
         <name>twiddleCoef_4096</name>
         <value>0x208</value>
         <object_component_ref idref="oc-162"/>
      </symbol>
      <symbol id="sm-96f">
         <name>armBitRevTable</name>
         <value>0x8208</value>
         <object_component_ref idref="oc-165"/>
      </symbol>
      <symbol id="sm-97e">
         <name>arm_bitreversal_f32</name>
         <value>0xe955</value>
         <object_component_ref idref="oc-176"/>
      </symbol>
      <symbol id="sm-98e">
         <name>sqrtf</name>
         <value>0xf1a1</value>
         <object_component_ref idref="oc-17e"/>
      </symbol>
      <symbol id="sm-99d">
         <name>_Feraise</name>
         <value>0xf141</value>
         <object_component_ref idref="oc-1c3"/>
      </symbol>
      <symbol id="sm-9a5">
         <name>_Errno</name>
         <value>0x20010598</value>
         <object_component_ref idref="oc-1e3"/>
      </symbol>
      <symbol id="sm-9c3">
         <name>feraiseexcept</name>
         <value>0xf10d</value>
         <object_component_ref idref="oc-1dd"/>
      </symbol>
      <symbol id="sm-9c4">
         <name>_Tls_setup__Fenv</name>
         <value>0x20010594</value>
         <object_component_ref idref="oc-1ef"/>
      </symbol>
      <symbol id="sm-9c5">
         <name>_Fenv</name>
         <value>0x20010590</value>
         <object_component_ref idref="oc-1ef"/>
      </symbol>
      <symbol id="sm-9d9">
         <name>raise</name>
         <value>0xf171</value>
         <object_component_ref idref="oc-1e9"/>
      </symbol>
      <symbol id="sm-9f3">
         <name>signal</name>
         <value>0xf015</value>
         <object_component_ref idref="oc-1f5"/>
      </symbol>
      <symbol id="sm-9f4">
         <name>__TI_static_base__</name>
         <value>0x0</value>
      </symbol>
      <symbol id="sm-9f7">
         <name>SHT$$INIT_ARRAY$$Limit</name>
         <value>0x0</value>
      </symbol>
      <symbol id="sm-9f8">
         <name>SHT$$INIT_ARRAY$$Base</name>
         <value>0x0</value>
      </symbol>
   </symbol_table>
   <title>Link successful</title>
</link_info>
